// Jest Snapshot v1, https://goo.gl/fbAQLP

exports[`Home screen should match snapshot 1`] = `
<body>
  <div>
    <main
      class="className"
    >
      <div
        class="MuiGrid-root MuiGrid-container MuiGrid-direction-xs-column min-h-[70vh] css-l6hioc-MuiGrid-root"
        style="min-height: 70vh;"
      >
        <div
          class="MuiGrid-root MuiGrid-item MuiGrid-grid-xs-3 css-1equabv-MuiGrid-root"
        >
          <span
            class="MuiCircularProgress-root MuiCircularProgress-indeterminate MuiCircularProgress-colorPrimary !text-white css-18lrjg1-MuiCircularProgress-root"
            role="progressbar"
            style="width: 40px; height: 40px;"
          >
            <svg
              class="MuiCircularProgress-svg css-1idz92c-MuiCircularProgress-svg"
              viewBox="22 22 44 44"
            >
              <circle
                class="MuiCircularProgress-circle MuiCircularProgress-circleIndeterminate css-176wh8e-MuiCircularProgress-circle"
                cx="44"
                cy="44"
                fill="none"
                r="20.2"
                stroke-width="3.6"
              />
            </svg>
          </span>
        </div>
      </div>
    </main>
  </div>
</body>
`;
